~raw00004102404240224012400640002102204220222012200620001400110210421022101210060202010200420022001200065000440042004100404040204010400440024001300024002200210020402020201020042002200112021200110010401020101010041002100110000400020001000040002000100004000200010000410240424022401240064000210220422022201220062000140011021042
